// Jest Snapshot v1, https://goo.gl/fbAQLP

exports[`renders elements 1`] = `
<div>
  <svg
    aria-hidden={true}
    className="MuiSvgIcon-root"
    focusable="false"
    onClick={[Function]}
    viewBox="0 0 24 24"
  >
    <path
      d="M14 7l-5 5 5 5V7z"
    />
  </svg>
  <svg
    aria-hidden={true}
    className="MuiSvgIcon-root"
    focusable="false"
    onClick={[Function]}
    viewBox="0 0 24 24"
  >
    <path
      d="M10 17l5-5-5-5v10z"
    />
  </svg>
</div>
`;
