// Jest Snapshot v1, https://goo.gl/fbAQLP

exports[`renders elements 1`] = `
<div
  className="pagination"
>
  <svg
    aria-hidden={true}
    className="MuiSvgIcon-root pagination__arrow"
    focusable="false"
    onClick={[Function]}
    style={
      Object {
        "fontSize": "5.5rem",
      }
    }
    viewBox="0 0 24 24"
  >
    <path
      d="M14 7l-5 5 5 5V7z"
    />
  </svg>
  <svg
    aria-hidden={true}
    className="MuiSvgIcon-root pagination__arrow"
    focusable="false"
    onClick={[Function]}
    style={
      Object {
        "fontSize": "5.5rem",
      }
    }
    viewBox="0 0 24 24"
  >
    <path
      d="M10 17l5-5-5-5v10z"
    />
  </svg>
</div>
`;
